18:06:02 **** Incremental Build of configuration Debug for project EXERCISE 2 ****
make -j8 all 
arm-none-eabi-gcc "../Core/Src/main.c" -mcpu=cortex-m3 -std=gnu11 -g3 -DDEBUG -DUSE_HAL_DRIVER -DSTM32F103x6 -c -I../Core/Inc -I../Drivers/STM32F1xx_HAL_Driver/Inc -I../Drivers/STM32F1xx_HAL_Driver/Inc/Legacy -I../Drivers/CMSIS/Device/ST/STM32F1xx/Include -I../Drivers/CMSIS/Include -O0 -ffunction-sections -fdata-sections -Wall -fstack-usage -MMD -MP -MF"Core/Src/main.d" -MT"Core/Src/main.o" --specs=nano.specs -mfloat-abi=soft -mthumb -o "Core/Src/main.o"
arm-none-eabi-gcc -o "EXERCISE 2.elf" @"objects.list"   -mcpu=cortex-m3 -T"C:\Users\Admin\Desktop\VXL\HK231\LAB2\EXERCISE2\SOURCE CODE\EXERCISE 2\STM32F103C6TX_FLASH.ld" --specs=nosys.specs -Wl,-Map="EXERCISE 2.map" -Wl,--gc-sections -static --specs=nano.specs -mfloat-abi=soft -mthumb -Wl,--start-group -lc -lm -Wl,--end-group
Finished building target: EXERCISE 2.elf
 
arm-none-eabi-size   EXERCISE\ 2.elf 
arm-none-eabi-objdump -h -S  EXERCISE\ 2.elf  > "EXERCISE 2.list"
arm-none-eabi-objcopy  -O ihex  EXERCISE\ 2.elf  "EXERCISE 2.hex"
   text	   data	    bss	    dec	    hex	filename
   7876	     20	   1668	   9564	   255c	EXERCISE 2.elf
arm-none-eabi-objcopy  -O binary  EXERCISE\ 2.elf  "EXERCISE 2.bin"
Finished building: default.size.stdout
 
Finished building: EXERCISE 2.hex
Finished building: EXERCISE 2.bin
 
 
Finished building: EXERCISE 2.list
 

18:06:02 Build Finished. 0 errors, 0 warnings. (took 719ms)

